AR romcode rtl "E:/opencores/projects/xilinx/spartan 3A starter/FORTHSPMD/ROMcode.vhd" sub00/vhpl76 1351506936
EN vhdl_syn_bl4_cal_ctl NULL "E:/opencores/projects/xilinx/spartan 3A starter/FORTHSPMD/vhdl_syn_bl4_cal_ctl_0.vhd" sub00/vhpl23 1351506883
AR vhdl_syn_bl4_data_path_iobs_0 arc "E:/opencores/projects/xilinx/spartan 3A starter/FORTHSPMD/vhdl_syn_bl4_data_path_iobs_0.vhd" sub00/vhpl32 1351506892
EN vhdl_syn_bl4_infrastructure NULL "E:/opencores/projects/xilinx/spartan 3A starter/FORTHSPMD/vhdl_syn_bl4_infrastructure.vhd" sub00/vhpl49 1351506909
EN vhdl_syn_bl4_infrastructure_top NULL "E:/opencores/projects/xilinx/spartan 3A starter/FORTHSPMD/vhdl_syn_bl4_infrastructure_top_0.vhd" sub00/vhpl57 1351506917
AR vhdl_syn_bl4_data_read_controller_0 arc "E:/opencores/projects/xilinx/spartan 3A starter/FORTHSPMD/vhdl_syn_bl4_data_read_controller_0.vhd" sub00/vhpl36 1351506896
EN intvectors NULL "E:/opencores/projects/xilinx/spartan 3A starter/FORTHSPMD/IntVectors.vhd" sub00/vhpl73 1351506933
AR vhdl_syn_bl4_infrastructure arc "E:/opencores/projects/xilinx/spartan 3A starter/FORTHSPMD/vhdl_syn_bl4_infrastructure.vhd" sub00/vhpl50 1351506910
AR vhdl_syn_bl4_fifo_0_wr_en_0 arc "E:/opencores/projects/xilinx/spartan 3A starter/FORTHSPMD/vhdl_syn_bl4_fifo_0_wr_en_0.vhd" sub00/vhpl12 1351506872
EN vhdl_syn_bl4_cal_top NULL "E:/opencores/projects/xilinx/spartan 3A starter/FORTHSPMD/vhdl_syn_bl4_cal_top.vhd" sub00/vhpl43 1351506903
EN vhdl_syn_bl4_controller_0 NULL "E:/opencores/projects/xilinx/spartan 3A starter/FORTHSPMD/vhdl_syn_bl4_controller_0.vhd" sub00/vhpl45 1351506905
AR vhdl_syn_bl4_rd_gray_cntr arc "E:/opencores/projects/xilinx/spartan 3A starter/FORTHSPMD/vhdl_syn_bl4_rd_gray_cntr.vhd" sub00/vhpl18 1351506878
EN vhdl_syn_bl4_fifo_1_wr_en_0 NULL "E:/opencores/projects/xilinx/spartan 3A starter/FORTHSPMD/vhdl_syn_bl4_fifo_1_wr_en_0.vhd" sub00/vhpl13 1351506873
AR counter rtl "E:/opencores/projects/xilinx/spartan 3A starter/FORTHSPMD/counter.vhd" sub00/vhpl72 1351506932
EN vhdl_syn_bl4_ddr2_dm_0 NULL "E:/opencores/projects/xilinx/spartan 3A starter/FORTHSPMD/vhdl_syn_bl4_ddr2_dm_0.vhd" sub00/vhpl03 1351506863
AR vhdl_syn_bl4_cal_ctl arc_cal_ctl "E:/opencores/projects/xilinx/spartan 3A starter/FORTHSPMD/vhdl_syn_bl4_cal_ctl_0.vhd" sub00/vhpl24 1351506884
EN vhdl_syn_bl4_data_path_rst NULL "E:/opencores/projects/xilinx/spartan 3A starter/FORTHSPMD/vhdl_syn_bl4_data_path_rst.vhd" sub00/vhpl39 1351506899
PH global NULL "E:/opencores/projects/xilinx/spartan 3A starter/FORTHSPMD/global.vhd" sub00/vhpl00 1351506860
EN romcode NULL "E:/opencores/projects/xilinx/spartan 3A starter/FORTHSPMD/ROMcode.vhd" sub00/vhpl75 1351506935
EN vhdl_syn_bl4_dqs_delay NULL "E:/opencores/projects/xilinx/spartan 3A starter/FORTHSPMD/vhdl_syn_bl4_dqs_delay_0.vhd" sub00/vhpl09 1351506869
EN vhdl_syn_bl4_fifo_0_wr_en_0 NULL "E:/opencores/projects/xilinx/spartan 3A starter/FORTHSPMD/vhdl_syn_bl4_fifo_0_wr_en_0.vhd" sub00/vhpl11 1351506871
EN vhdl_syn_bl4_data_read_controller_0 NULL "E:/opencores/projects/xilinx/spartan 3A starter/FORTHSPMD/vhdl_syn_bl4_data_read_controller_0.vhd" sub00/vhpl35 1351506895
AR programcounter rtl "E:/opencores/projects/xilinx/spartan 3A starter/FORTHSPMD/ProgramCounter.vhd" sub00/vhpl64 1351506924
EN thecore NULL "E:/opencores/projects/xilinx/spartan 3A starter/FORTHSPMD/theCore.vhd" sub00/vhpl67 1351506927
EN vhdl_syn_bl4_s3_ddr_iob NULL "E:/opencores/projects/xilinx/spartan 3A starter/FORTHSPMD/vhdl_syn_bl4_s3_ddr_iob.vhd" sub00/vhpl07 1351506867
AR vhdl_syn_bl4_s3_dqs_iob arc "E:/opencores/projects/xilinx/spartan 3A starter/FORTHSPMD/vhdl_syn_bl4_s3_dqs_iob.vhd" sub00/vhpl06 1351506866
AR vhdl_syn_bl4_top_0 arc "E:/opencores/projects/xilinx/spartan 3A starter/FORTHSPMD/vhdl_syn_bl4_top_0.vhd" sub00/vhpl56 1351506916
AR vhdl_syn_bl4 arc_mem_interface_top "E:/opencores/projects/xilinx/spartan 3A starter/FORTHSPMD/vhdl_syn_bl4.vhd" sub00/vhpl78 1351506938
EN vhdl_syn_bl4_data_read_0 NULL "E:/opencores/projects/xilinx/spartan 3A starter/FORTHSPMD/vhdl_syn_bl4_data_read_0.vhd" sub00/vhpl33 1351506893
EN vhdl_syn_bl4_tap_dly NULL "E:/opencores/projects/xilinx/spartan 3A starter/FORTHSPMD/vhdl_syn_bl4_tap_dly_0.vhd" sub00/vhpl25 1351506885
AR vhdl_syn_bl4_clk_dcm arc "E:/opencores/projects/xilinx/spartan 3A starter/FORTHSPMD/vhdl_syn_bl4_clk_dcm.vhd" sub00/vhpl42 1351506902
EN vhdl_syn_bl4_infrastructure_iobs_0 NULL "E:/opencores/projects/xilinx/spartan 3A starter/FORTHSPMD/vhdl_syn_bl4_infrastructure_iobs_0.vhd" sub00/vhpl27 1351506887
AR vhdl_syn_bl4_infrastructure_top arc "E:/opencores/projects/xilinx/spartan 3A starter/FORTHSPMD/vhdl_syn_bl4_infrastructure_top_0.vhd" sub00/vhpl58 1351506918
AR vhdl_syn_bl4_data_read_0 arc "E:/opencores/projects/xilinx/spartan 3A starter/FORTHSPMD/vhdl_syn_bl4_data_read_0.vhd" sub00/vhpl34 1351506894
AR vhdl_syn_bl4_controller_iobs_0 arc "E:/opencores/projects/xilinx/spartan 3A starter/FORTHSPMD/vhdl_syn_bl4_controller_iobs_0.vhd" sub00/vhpl30 1351506890
AR vhdl_syn_bl4_dqs_delay arc_dqs_delay "E:/opencores/projects/xilinx/spartan 3A starter/FORTHSPMD/vhdl_syn_bl4_dqs_delay_0.vhd" sub00/vhpl10 1351506870
AR vhdl_syn_bl4_data_path_rst arc "E:/opencores/projects/xilinx/spartan 3A starter/FORTHSPMD/vhdl_syn_bl4_data_path_rst.vhd" sub00/vhpl40 1351506900
EN vhdl_syn_bl4_rd_gray_cntr NULL "E:/opencores/projects/xilinx/spartan 3A starter/FORTHSPMD/vhdl_syn_bl4_rd_gray_cntr.vhd" sub00/vhpl17 1351506877
EN vhdl_syn_bl4_controller_iobs_0 NULL "E:/opencores/projects/xilinx/spartan 3A starter/FORTHSPMD/vhdl_syn_bl4_controller_iobs_0.vhd" sub00/vhpl29 1351506889
AR vhdl_syn_bl4_ram8d_0 arc "E:/opencores/projects/xilinx/spartan 3A starter/FORTHSPMD/vhdl_syn_bl4_RAM8D_0.vhd" sub00/vhpl20 1351506880
AR thestacks rtl "E:/opencores/projects/xilinx/spartan 3A starter/FORTHSPMD/theStacks.vhd" sub00/vhpl62 1351506922
AR vhdl_syn_bl4_fifo_1_wr_en_0 arc "E:/opencores/projects/xilinx/spartan 3A starter/FORTHSPMD/vhdl_syn_bl4_fifo_1_wr_en_0.vhd" sub00/vhpl14 1351506874
AR vhdl_syn_bl4_iobs_0 arc "E:/opencores/projects/xilinx/spartan 3A starter/FORTHSPMD/vhdl_syn_bl4_iobs_0.vhd" sub00/vhpl52 1351506912
AR vhdl_syn_bl4_wr_gray_cntr arc "E:/opencores/projects/xilinx/spartan 3A starter/FORTHSPMD/vhdl_syn_bl4_wr_gray_cntr.vhd" sub00/vhpl16 1351506876
AR thecore rtl "E:/opencores/projects/xilinx/spartan 3A starter/FORTHSPMD/theCore.vhd" sub00/vhpl68 1351506928
AR fifo_generator_v6_1 fifo_generator_v6_1_a "E:/opencores/projects/xilinx/spartan 3A starter/FORTHSPMD/fifo_generator_v6_1.vhd" sub00/vhpl60 1351506920
EN counter NULL "E:/opencores/projects/xilinx/spartan 3A starter/FORTHSPMD/counter.vhd" sub00/vhpl71 1351506931
AR mycpu rtl "E:/opencores/projects/xilinx/spartan 3A starter/FORTHSPMD/mycpu.vhd" sub00/vhpl80 1351506940
AR vhdl_syn_bl4_cal_top arc "E:/opencores/projects/xilinx/spartan 3A starter/FORTHSPMD/vhdl_syn_bl4_cal_top.vhd" sub00/vhpl44 1351506904
AR uart rtl "E:/opencores/projects/xilinx/spartan 3A starter/FORTHSPMD/UART.vhd" sub00/vhpl70 1351506930
EN vhdl_syn_bl4_clk_dcm NULL "E:/opencores/projects/xilinx/spartan 3A starter/FORTHSPMD/vhdl_syn_bl4_clk_dcm.vhd" sub00/vhpl41 1351506901
AR vhdl_syn_bl4_controller_0 arc "E:/opencores/projects/xilinx/spartan 3A starter/FORTHSPMD/vhdl_syn_bl4_controller_0.vhd" sub00/vhpl46 1351506906
AR vhdl_syn_bl4_s3_ddr_iob arc "E:/opencores/projects/xilinx/spartan 3A starter/FORTHSPMD/vhdl_syn_bl4_s3_ddr_iob.vhd" sub00/vhpl08 1351506868
AR vhdl_syn_bl4_ram8d_1 arc "E:/opencores/projects/xilinx/spartan 3A starter/FORTHSPMD/vhdl_syn_bl4_RAM8D_1.vhd" sub00/vhpl22 1351506882
EN vhdl_syn_bl4_top_0 NULL "E:/opencores/projects/xilinx/spartan 3A starter/FORTHSPMD/vhdl_syn_bl4_top_0.vhd" sub00/vhpl55 1351506915
AR vhdl_syn_bl4_tap_dly arc_tap_dly "E:/opencores/projects/xilinx/spartan 3A starter/FORTHSPMD/vhdl_syn_bl4_tap_dly_0.vhd" sub00/vhpl26 1351506886
EN programcounter NULL "E:/opencores/projects/xilinx/spartan 3A starter/FORTHSPMD/ProgramCounter.vhd" sub00/vhpl63 1351506923
AR vhdl_syn_bl4_ddr2_dm_0 arc "E:/opencores/projects/xilinx/spartan 3A starter/FORTHSPMD/vhdl_syn_bl4_ddr2_dm_0.vhd" sub00/vhpl04 1351506864
EN vhdl_syn_bl4_ram8d_0 NULL "E:/opencores/projects/xilinx/spartan 3A starter/FORTHSPMD/vhdl_syn_bl4_RAM8D_0.vhd" sub00/vhpl19 1351506879
EN vhdl_syn_bl4_ram8d_1 NULL "E:/opencores/projects/xilinx/spartan 3A starter/FORTHSPMD/vhdl_syn_bl4_RAM8D_1.vhd" sub00/vhpl21 1351506881
EN dcm1 NULL "E:/opencores/projects/xilinx/spartan 3A starter/FORTHSPMD/dcm1.vhd" sub00/vhpl65 1351506925
AR vhdl_syn_bl4_data_path_0 arc "E:/opencores/projects/xilinx/spartan 3A starter/FORTHSPMD/vhdl_syn_bl4_data_path_0.vhd" sub00/vhpl48 1351506908
EN mycpu NULL "E:/opencores/projects/xilinx/spartan 3A starter/FORTHSPMD/mycpu.vhd" sub00/vhpl79 1351506939
PH vhdl_syn_bl4_parameters_0 NULL "E:/opencores/projects/xilinx/spartan 3A starter/FORTHSPMD/vhdl_syn_bl4_parameters_0.vhd" sub00/vhpl02 1351506862
PB global global "E:/opencores/projects/xilinx/spartan 3A starter/FORTHSPMD/global.vhd" sub00/vhpl01 1351506861
EN vhdl_syn_bl4_data_path_iobs_0 NULL "E:/opencores/projects/xilinx/spartan 3A starter/FORTHSPMD/vhdl_syn_bl4_data_path_iobs_0.vhd" sub00/vhpl31 1351506891
AR intvectors rtl "E:/opencores/projects/xilinx/spartan 3A starter/FORTHSPMD/IntVectors.vhd" sub00/vhpl74 1351506934
EN vhdl_syn_bl4_data_path_0 NULL "E:/opencores/projects/xilinx/spartan 3A starter/FORTHSPMD/vhdl_syn_bl4_data_path_0.vhd" sub00/vhpl47 1351506907
AR vhdl_syn_bl4_infrastructure_iobs_0 arc "E:/opencores/projects/xilinx/spartan 3A starter/FORTHSPMD/vhdl_syn_bl4_infrastructure_iobs_0.vhd" sub00/vhpl28 1351506888
AR dcm1 behavioral "E:/opencores/projects/xilinx/spartan 3A starter/FORTHSPMD/dcm1.vhd" sub00/vhpl66 1351506926
EN thestacks NULL "E:/opencores/projects/xilinx/spartan 3A starter/FORTHSPMD/theStacks.vhd" sub00/vhpl61 1351506921
EN vhdl_syn_bl4_iobs_0 NULL "E:/opencores/projects/xilinx/spartan 3A starter/FORTHSPMD/vhdl_syn_bl4_iobs_0.vhd" sub00/vhpl51 1351506911
AR alu rtl "E:/opencores/projects/xilinx/spartan 3A starter/FORTHSPMD/ALU.vhd" sub00/vhpl54 1351506914
EN uart NULL "E:/opencores/projects/xilinx/spartan 3A starter/FORTHSPMD/UART.vhd" sub00/vhpl69 1351506929
EN vhdl_syn_bl4_s3_dqs_iob NULL "E:/opencores/projects/xilinx/spartan 3A starter/FORTHSPMD/vhdl_syn_bl4_s3_dqs_iob.vhd" sub00/vhpl05 1351506865
EN vhdl_syn_bl4 NULL "E:/opencores/projects/xilinx/spartan 3A starter/FORTHSPMD/vhdl_syn_bl4.vhd" sub00/vhpl77 1351506937
EN vhdl_syn_bl4_data_write_0 NULL "E:/opencores/projects/xilinx/spartan 3A starter/FORTHSPMD/vhdl_syn_bl4_data_write_0.vhd" sub00/vhpl37 1351506897
EN vhdl_syn_bl4_wr_gray_cntr NULL "E:/opencores/projects/xilinx/spartan 3A starter/FORTHSPMD/vhdl_syn_bl4_wr_gray_cntr.vhd" sub00/vhpl15 1351506875
AR vhdl_syn_bl4_data_write_0 arc "E:/opencores/projects/xilinx/spartan 3A starter/FORTHSPMD/vhdl_syn_bl4_data_write_0.vhd" sub00/vhpl38 1351506898
EN alu NULL "E:/opencores/projects/xilinx/spartan 3A starter/FORTHSPMD/ALU.vhd" sub00/vhpl53 1351506913
EN fifo_generator_v6_1 NULL "E:/opencores/projects/xilinx/spartan 3A starter/FORTHSPMD/fifo_generator_v6_1.vhd" sub00/vhpl59 1351506919
