AR romcode rtl "E:/opencores/projects/xilinx/spartan 3A starter/FORTHSP/ROMcode.vhd" sub00/vhpl76 1351503858
EN vhdl_syn_bl4_cal_ctl NULL "E:/opencores/projects/xilinx/spartan 3A starter/FORTHSP/vhdl_syn_bl4_cal_ctl_0.vhd" sub00/vhpl23 1351503805
AR vhdl_syn_bl4_data_path_iobs_0 arc "E:/opencores/projects/xilinx/spartan 3A starter/FORTHSP/vhdl_syn_bl4_data_path_iobs_0.vhd" sub00/vhpl32 1351503814
EN vhdl_syn_bl4_infrastructure NULL "E:/opencores/projects/xilinx/spartan 3A starter/FORTHSP/vhdl_syn_bl4_infrastructure.vhd" sub00/vhpl49 1351503831
EN vhdl_syn_bl4_infrastructure_top NULL "E:/opencores/projects/xilinx/spartan 3A starter/FORTHSP/vhdl_syn_bl4_infrastructure_top_0.vhd" sub00/vhpl57 1351503839
AR vhdl_syn_bl4_data_read_controller_0 arc "E:/opencores/projects/xilinx/spartan 3A starter/FORTHSP/vhdl_syn_bl4_data_read_controller_0.vhd" sub00/vhpl36 1351503818
EN intvectors NULL "E:/opencores/projects/xilinx/spartan 3A starter/FORTHSP/IntVectors.vhd" sub00/vhpl73 1351503855
AR vhdl_syn_bl4_infrastructure arc "E:/opencores/projects/xilinx/spartan 3A starter/FORTHSP/vhdl_syn_bl4_infrastructure.vhd" sub00/vhpl50 1351503832
AR vhdl_syn_bl4_fifo_0_wr_en_0 arc "E:/opencores/projects/xilinx/spartan 3A starter/FORTHSP/vhdl_syn_bl4_fifo_0_wr_en_0.vhd" sub00/vhpl12 1351503794
EN vhdl_syn_bl4_cal_top NULL "E:/opencores/projects/xilinx/spartan 3A starter/FORTHSP/vhdl_syn_bl4_cal_top.vhd" sub00/vhpl43 1351503825
EN vhdl_syn_bl4_controller_0 NULL "E:/opencores/projects/xilinx/spartan 3A starter/FORTHSP/vhdl_syn_bl4_controller_0.vhd" sub00/vhpl45 1351503827
AR vhdl_syn_bl4_rd_gray_cntr arc "E:/opencores/projects/xilinx/spartan 3A starter/FORTHSP/vhdl_syn_bl4_rd_gray_cntr.vhd" sub00/vhpl18 1351503800
EN vhdl_syn_bl4_fifo_1_wr_en_0 NULL "E:/opencores/projects/xilinx/spartan 3A starter/FORTHSP/vhdl_syn_bl4_fifo_1_wr_en_0.vhd" sub00/vhpl13 1351503795
AR counter rtl "E:/opencores/projects/xilinx/spartan 3A starter/FORTHSP/counter.vhd" sub00/vhpl72 1351503854
EN vhdl_syn_bl4_ddr2_dm_0 NULL "E:/opencores/projects/xilinx/spartan 3A starter/FORTHSP/vhdl_syn_bl4_ddr2_dm_0.vhd" sub00/vhpl03 1351503785
AR vhdl_syn_bl4_cal_ctl arc_cal_ctl "E:/opencores/projects/xilinx/spartan 3A starter/FORTHSP/vhdl_syn_bl4_cal_ctl_0.vhd" sub00/vhpl24 1351503806
EN vhdl_syn_bl4_data_path_rst NULL "E:/opencores/projects/xilinx/spartan 3A starter/FORTHSP/vhdl_syn_bl4_data_path_rst.vhd" sub00/vhpl39 1351503821
PH global NULL "E:/opencores/projects/xilinx/spartan 3A starter/FORTHSP/global.vhd" sub00/vhpl00 1351503782
EN romcode NULL "E:/opencores/projects/xilinx/spartan 3A starter/FORTHSP/ROMcode.vhd" sub00/vhpl75 1351503857
EN vhdl_syn_bl4_dqs_delay NULL "E:/opencores/projects/xilinx/spartan 3A starter/FORTHSP/vhdl_syn_bl4_dqs_delay_0.vhd" sub00/vhpl09 1351503791
EN vhdl_syn_bl4_fifo_0_wr_en_0 NULL "E:/opencores/projects/xilinx/spartan 3A starter/FORTHSP/vhdl_syn_bl4_fifo_0_wr_en_0.vhd" sub00/vhpl11 1351503793
EN vhdl_syn_bl4_data_read_controller_0 NULL "E:/opencores/projects/xilinx/spartan 3A starter/FORTHSP/vhdl_syn_bl4_data_read_controller_0.vhd" sub00/vhpl35 1351503817
AR programcounter rtl "E:/opencores/projects/xilinx/spartan 3A starter/FORTHSP/ProgramCounter.vhd" sub00/vhpl64 1351503846
EN thecore NULL "E:/opencores/projects/xilinx/spartan 3A starter/FORTHSP/theCore.vhd" sub00/vhpl67 1351503849
EN vhdl_syn_bl4_s3_ddr_iob NULL "E:/opencores/projects/xilinx/spartan 3A starter/FORTHSP/vhdl_syn_bl4_s3_ddr_iob.vhd" sub00/vhpl07 1351503789
AR vhdl_syn_bl4_s3_dqs_iob arc "E:/opencores/projects/xilinx/spartan 3A starter/FORTHSP/vhdl_syn_bl4_s3_dqs_iob.vhd" sub00/vhpl06 1351503788
AR vhdl_syn_bl4_top_0 arc "E:/opencores/projects/xilinx/spartan 3A starter/FORTHSP/vhdl_syn_bl4_top_0.vhd" sub00/vhpl56 1351503838
AR vhdl_syn_bl4 arc_mem_interface_top "E:/opencores/projects/xilinx/spartan 3A starter/FORTHSP/vhdl_syn_bl4.vhd" sub00/vhpl78 1351503860
EN vhdl_syn_bl4_data_read_0 NULL "E:/opencores/projects/xilinx/spartan 3A starter/FORTHSP/vhdl_syn_bl4_data_read_0.vhd" sub00/vhpl33 1351503815
EN vhdl_syn_bl4_tap_dly NULL "E:/opencores/projects/xilinx/spartan 3A starter/FORTHSP/vhdl_syn_bl4_tap_dly_0.vhd" sub00/vhpl25 1351503807
AR vhdl_syn_bl4_clk_dcm arc "E:/opencores/projects/xilinx/spartan 3A starter/FORTHSP/vhdl_syn_bl4_clk_dcm.vhd" sub00/vhpl42 1351503824
EN vhdl_syn_bl4_infrastructure_iobs_0 NULL "E:/opencores/projects/xilinx/spartan 3A starter/FORTHSP/vhdl_syn_bl4_infrastructure_iobs_0.vhd" sub00/vhpl27 1351503809
AR vhdl_syn_bl4_infrastructure_top arc "E:/opencores/projects/xilinx/spartan 3A starter/FORTHSP/vhdl_syn_bl4_infrastructure_top_0.vhd" sub00/vhpl58 1351503840
AR vhdl_syn_bl4_data_read_0 arc "E:/opencores/projects/xilinx/spartan 3A starter/FORTHSP/vhdl_syn_bl4_data_read_0.vhd" sub00/vhpl34 1351503816
AR vhdl_syn_bl4_controller_iobs_0 arc "E:/opencores/projects/xilinx/spartan 3A starter/FORTHSP/vhdl_syn_bl4_controller_iobs_0.vhd" sub00/vhpl30 1351503812
AR vhdl_syn_bl4_dqs_delay arc_dqs_delay "E:/opencores/projects/xilinx/spartan 3A starter/FORTHSP/vhdl_syn_bl4_dqs_delay_0.vhd" sub00/vhpl10 1351503792
AR vhdl_syn_bl4_data_path_rst arc "E:/opencores/projects/xilinx/spartan 3A starter/FORTHSP/vhdl_syn_bl4_data_path_rst.vhd" sub00/vhpl40 1351503822
EN vhdl_syn_bl4_rd_gray_cntr NULL "E:/opencores/projects/xilinx/spartan 3A starter/FORTHSP/vhdl_syn_bl4_rd_gray_cntr.vhd" sub00/vhpl17 1351503799
EN vhdl_syn_bl4_controller_iobs_0 NULL "E:/opencores/projects/xilinx/spartan 3A starter/FORTHSP/vhdl_syn_bl4_controller_iobs_0.vhd" sub00/vhpl29 1351503811
AR vhdl_syn_bl4_ram8d_0 arc "E:/opencores/projects/xilinx/spartan 3A starter/FORTHSP/vhdl_syn_bl4_RAM8D_0.vhd" sub00/vhpl20 1351503802
AR thestacks rtl "E:/opencores/projects/xilinx/spartan 3A starter/FORTHSP/theStacks.vhd" sub00/vhpl62 1351503844
AR vhdl_syn_bl4_fifo_1_wr_en_0 arc "E:/opencores/projects/xilinx/spartan 3A starter/FORTHSP/vhdl_syn_bl4_fifo_1_wr_en_0.vhd" sub00/vhpl14 1351503796
AR vhdl_syn_bl4_iobs_0 arc "E:/opencores/projects/xilinx/spartan 3A starter/FORTHSP/vhdl_syn_bl4_iobs_0.vhd" sub00/vhpl52 1351503834
AR vhdl_syn_bl4_wr_gray_cntr arc "E:/opencores/projects/xilinx/spartan 3A starter/FORTHSP/vhdl_syn_bl4_wr_gray_cntr.vhd" sub00/vhpl16 1351503798
AR thecore rtl "E:/opencores/projects/xilinx/spartan 3A starter/FORTHSP/theCore.vhd" sub00/vhpl68 1351503850
AR fifo_generator_v6_1 fifo_generator_v6_1_a "E:/opencores/projects/xilinx/spartan 3A starter/FORTHSP/fifo_generator_v6_1.vhd" sub00/vhpl60 1351503842
EN counter NULL "E:/opencores/projects/xilinx/spartan 3A starter/FORTHSP/counter.vhd" sub00/vhpl71 1351503853
AR mycpu rtl "E:/opencores/projects/xilinx/spartan 3A starter/FORTHSP/mycpu.vhd" sub00/vhpl80 1351503862
AR vhdl_syn_bl4_cal_top arc "E:/opencores/projects/xilinx/spartan 3A starter/FORTHSP/vhdl_syn_bl4_cal_top.vhd" sub00/vhpl44 1351503826
AR uart rtl "E:/opencores/projects/xilinx/spartan 3A starter/FORTHSP/UART.vhd" sub00/vhpl70 1351503852
EN vhdl_syn_bl4_clk_dcm NULL "E:/opencores/projects/xilinx/spartan 3A starter/FORTHSP/vhdl_syn_bl4_clk_dcm.vhd" sub00/vhpl41 1351503823
AR vhdl_syn_bl4_controller_0 arc "E:/opencores/projects/xilinx/spartan 3A starter/FORTHSP/vhdl_syn_bl4_controller_0.vhd" sub00/vhpl46 1351503828
AR vhdl_syn_bl4_s3_ddr_iob arc "E:/opencores/projects/xilinx/spartan 3A starter/FORTHSP/vhdl_syn_bl4_s3_ddr_iob.vhd" sub00/vhpl08 1351503790
AR vhdl_syn_bl4_ram8d_1 arc "E:/opencores/projects/xilinx/spartan 3A starter/FORTHSP/vhdl_syn_bl4_RAM8D_1.vhd" sub00/vhpl22 1351503804
EN vhdl_syn_bl4_top_0 NULL "E:/opencores/projects/xilinx/spartan 3A starter/FORTHSP/vhdl_syn_bl4_top_0.vhd" sub00/vhpl55 1351503837
AR vhdl_syn_bl4_tap_dly arc_tap_dly "E:/opencores/projects/xilinx/spartan 3A starter/FORTHSP/vhdl_syn_bl4_tap_dly_0.vhd" sub00/vhpl26 1351503808
EN programcounter NULL "E:/opencores/projects/xilinx/spartan 3A starter/FORTHSP/ProgramCounter.vhd" sub00/vhpl63 1351503845
AR vhdl_syn_bl4_ddr2_dm_0 arc "E:/opencores/projects/xilinx/spartan 3A starter/FORTHSP/vhdl_syn_bl4_ddr2_dm_0.vhd" sub00/vhpl04 1351503786
EN vhdl_syn_bl4_ram8d_0 NULL "E:/opencores/projects/xilinx/spartan 3A starter/FORTHSP/vhdl_syn_bl4_RAM8D_0.vhd" sub00/vhpl19 1351503801
EN vhdl_syn_bl4_ram8d_1 NULL "E:/opencores/projects/xilinx/spartan 3A starter/FORTHSP/vhdl_syn_bl4_RAM8D_1.vhd" sub00/vhpl21 1351503803
EN dcm1 NULL "E:/opencores/projects/xilinx/spartan 3A starter/FORTHSP/dcm1.vhd" sub00/vhpl65 1351503847
AR vhdl_syn_bl4_data_path_0 arc "E:/opencores/projects/xilinx/spartan 3A starter/FORTHSP/vhdl_syn_bl4_data_path_0.vhd" sub00/vhpl48 1351503830
EN mycpu NULL "E:/opencores/projects/xilinx/spartan 3A starter/FORTHSP/mycpu.vhd" sub00/vhpl79 1351503861
PH vhdl_syn_bl4_parameters_0 NULL "E:/opencores/projects/xilinx/spartan 3A starter/FORTHSP/vhdl_syn_bl4_parameters_0.vhd" sub00/vhpl02 1351503784
PB global global "E:/opencores/projects/xilinx/spartan 3A starter/FORTHSP/global.vhd" sub00/vhpl01 1351503783
EN vhdl_syn_bl4_data_path_iobs_0 NULL "E:/opencores/projects/xilinx/spartan 3A starter/FORTHSP/vhdl_syn_bl4_data_path_iobs_0.vhd" sub00/vhpl31 1351503813
AR intvectors rtl "E:/opencores/projects/xilinx/spartan 3A starter/FORTHSP/IntVectors.vhd" sub00/vhpl74 1351503856
EN vhdl_syn_bl4_data_path_0 NULL "E:/opencores/projects/xilinx/spartan 3A starter/FORTHSP/vhdl_syn_bl4_data_path_0.vhd" sub00/vhpl47 1351503829
AR vhdl_syn_bl4_infrastructure_iobs_0 arc "E:/opencores/projects/xilinx/spartan 3A starter/FORTHSP/vhdl_syn_bl4_infrastructure_iobs_0.vhd" sub00/vhpl28 1351503810
AR dcm1 behavioral "E:/opencores/projects/xilinx/spartan 3A starter/FORTHSP/dcm1.vhd" sub00/vhpl66 1351503848
EN thestacks NULL "E:/opencores/projects/xilinx/spartan 3A starter/FORTHSP/theStacks.vhd" sub00/vhpl61 1351503843
EN vhdl_syn_bl4_iobs_0 NULL "E:/opencores/projects/xilinx/spartan 3A starter/FORTHSP/vhdl_syn_bl4_iobs_0.vhd" sub00/vhpl51 1351503833
AR fifo rtl E:/Xilinx/FORTHSP/FiFo.vhd sub00/vhpl82 1349165639
EN fifo NULL E:/Xilinx/FORTHSP/FiFo.vhd sub00/vhpl81 1349165638
AR alu rtl "E:/opencores/projects/xilinx/spartan 3A starter/FORTHSP/ALU.vhd" sub00/vhpl54 1351503836
EN uart NULL "E:/opencores/projects/xilinx/spartan 3A starter/FORTHSP/UART.vhd" sub00/vhpl69 1351503851
EN vhdl_syn_bl4_s3_dqs_iob NULL "E:/opencores/projects/xilinx/spartan 3A starter/FORTHSP/vhdl_syn_bl4_s3_dqs_iob.vhd" sub00/vhpl05 1351503787
EN vhdl_syn_bl4 NULL "E:/opencores/projects/xilinx/spartan 3A starter/FORTHSP/vhdl_syn_bl4.vhd" sub00/vhpl77 1351503859
EN vhdl_syn_bl4_data_write_0 NULL "E:/opencores/projects/xilinx/spartan 3A starter/FORTHSP/vhdl_syn_bl4_data_write_0.vhd" sub00/vhpl37 1351503819
EN vhdl_syn_bl4_wr_gray_cntr NULL "E:/opencores/projects/xilinx/spartan 3A starter/FORTHSP/vhdl_syn_bl4_wr_gray_cntr.vhd" sub00/vhpl15 1351503797
AR vhdl_syn_bl4_data_write_0 arc "E:/opencores/projects/xilinx/spartan 3A starter/FORTHSP/vhdl_syn_bl4_data_write_0.vhd" sub00/vhpl38 1351503820
EN alu NULL "E:/opencores/projects/xilinx/spartan 3A starter/FORTHSP/ALU.vhd" sub00/vhpl53 1351503835
EN fifo_generator_v6_1 NULL "E:/opencores/projects/xilinx/spartan 3A starter/FORTHSP/fifo_generator_v6_1.vhd" sub00/vhpl59 1351503841
